// Jest Snapshot v1, https://goo.gl/fbAQLP

exports[`should render Index page properly  1`] = `<Connect(Search) />`;
