// Jest Snapshot v1, https://goo.gl/fbAQLP

exports[`should render Layout with item and children 1`] = `
<Container
  style={
    Object {
      "padding": "2em 0em",
    }
  }
>
  <Header
    item="search"
  />
  <div
    className="children"
  />
  <Component />
</Container>
`;
