// Jest Snapshot v1, https://goo.gl/fbAQLP

exports[`should render correctly 1`] = `
<Button
  as="button"
  className="scrollButton"
  icon="angle double up"
  onClick={[Function]}
  role="button"
  title="Back to top"
/>
`;
